Microchip MPLAB XC8 Compiler V2.41

Linker command line:

-W-3 \
  --edf=C:\Program Files\Microchip\xc8\v2.41\pic\dat\20230208172133_en.msgs \
  -cn -h+dist/default/production\Compus_P2B.X.production.sym \
  --cmf=dist/default/production\Compus_P2B.X.production.cmf -z -Q18F4321 \
  -oC:\Users\jacob\AppData\Local\Temp\xcAs7so.\driver_tmp_3.o \
  --defsym=__MPLAB_BUILD=1 --fixupoverflow=error \
  -Mdist/default/production/Compus_P2B.X.production.map \
  --md=C:\Users\jacob\AppData\Local\Temp\xcAs7so.\driver_tmp_0.dat -E1 \
  -ver=XC8 Compiler --acfsm=1493 -ACODE=00h-01FFFh -ACONST=00h-01FFFh \
  -ASMALLCONST=0200h-02FFhx30 -AMEDIUMCONST=0200h-01FFFh -ACOMRAM=01h-07Fh \
  -AABS1=00h-01FFh -ABIGRAM=01h-01FFh -ARAM=080h-0FFh,0100h-01FFh \
  -ABANK0=080h-0FFh -ABANK1=0100h-01FFh -ASFR=0F80h-0FFFh \
  -ABIGSFR=0F80h-0FFFh -ACONFIG=0300000h-030000Dh -AIDLOC=0200000h-0200007h \
  -AEEDATA=0F00000h-0F000FFh -peeprom_data=EEDATA \
  -preset_vec=00h,intcode=08h,intcodelo,powerup,init -pramtop=0200h \
  -psmallconst=SMALLCONST -pmediumconst=MEDIUMCONST -pconst=CONST \
  -AFARRAM=00h-00h \
  -prdata=COMRAM,nvrram=COMRAM,nvbit=COMRAM,rbss=COMRAM,rbit=COMRAM \
  -pfarbss=FARRAM,fardata=FARRAM,nvFARRAM=FARRAM \
  -pintsave_regs=BIGRAM,bigbss=BIGRAM,bigdata=BIGRAM -pbss=RAM \
  -pidata=CODE,irdata=CODE,ibigdata=CODE,ifardata=CODE -prparam=COMRAM \
  C:\Users\jacob\AppData\Local\Temp\xcAs7so.\driver_tmp_9.o \
  dist/default/production\Compus_P2B.X.production.o 

Object code version is 3.11

Machine type is 18F4321



                Name                               Link     Load   Length Selector   Space Scale
C:\Users\jacob\AppData\Local\Temp\xcAs7so.\driver_tmp_9.o
                idloc                            200000   200000        8        0       5
                config                           300000   300000        E        0       4
                init                                 20       20        4        4       0
                reset_vec                             0        0        4        0       0
dist/default/production\Compus_P2B.X.production.o
                intcode                               8        8       18        4       0
                idloc                            200000   200000        8        0       5
                config                           300000   300000        E        0       4
                temp                                 42       42        1        1       1
                text20                              71C      71C       18        4       0
                text18                              3C8      3C8       88        4       0
                text17                              340      340       88        4       0
                text16                              678      678       32        4       0
                text15                              646      646       32        4       0
                text14                              50E      50E       50        4       0
                text13                              6DA      6DA       28        4       0
                text12                              4B2      4B2       5C        4       0
                text11                               24       24       DA        4       0
                text10                              1D4      1D4       D2        4       0
                text9                               6AA      6AA       30        4       0
                text8                               748      748        8        4       0
                text7                               55E      55E       40        4       0
                text6                               702      702       1A        4       0
                text5                               2A6      2A6       9A        4       0
                text4                               450      450       62        4       0
                text3                                FE       FE       D6        4       0
                text2                               5D8      5D8       3A        4       0
                text1                               734      734       14        4       0
                text0                               612      612       34        4       0
                cstackCOMRAM                          1        1       1E        1       1
                dataCOMRAM                           3C       3C        6        1       1
                bssCOMRAM                            1F       1F       1D        1       1
                cinit                               59E      59E       3A        4       0
                idataCOMRAM                         750      750        6        4       0

TOTAL           Name                               Link     Load   Length     Space
        CLASS   CODE           
                intcode                               8        8       18         0
                init                                 20       20        4         0
                reset_vec                             0        0        4         0
                text20                              71C      71C       18         0
                text18                              3C8      3C8       88         0
                text17                              340      340       88         0
                text16                              678      678       32         0
                text15                              646      646       32         0
                text14                              50E      50E       50         0
                text13                              6DA      6DA       28         0
                text12                              4B2      4B2       5C         0
                text11                               24       24       DA         0
                text10                              1D4      1D4       D2         0
                text9                               6AA      6AA       30         0
                text8                               748      748        8         0
                text7                               55E      55E       40         0
                text6                               702      702       1A         0
                text5                               2A6      2A6       9A         0
                text4                               450      450       62         0
                text3                                FE       FE       D6         0
                text2                               5D8      5D8       3A         0
                text1                               734      734       14         0
                text0                               612      612       34         0
                cinit                               59E      59E       3A         0
                idataCOMRAM                         750      750        6         0

        CLASS   CONST          

        CLASS   SMALLCONST     

        CLASS   MEDIUMCONST    

        CLASS   COMRAM         
                temp                                 42       42        1         1
                cstackCOMRAM                          1        1       1E         1
                dataCOMRAM                           3C       3C        6         1
                bssCOMRAM                            1F       1F       1D         1

        CLASS   ABS1           

        CLASS   BIGRAM         

        CLASS   RAM            

        CLASS   BANK0          

        CLASS   BANK1          

        CLASS   SFR            

        CLASS   BIGSFR         

        CLASS   CONFIG         
                config                           300000   300000        E         4

        CLASS   IDLOC          
                idloc                            200000   200000        8         5

        CLASS   EEDATA         

        CLASS   FARRAM         

        CLASS   HEAP           

        CLASS   STACK          



SEGMENTS        Name                           Load    Length   Top    Selector   Space  Class

                reset_vec                      000000  000004  000004         0       0  CODE    
                cstackCOMRAM                   000001  000042  000043         1       1  COMRAM  
                intcode                        000008  00074E  000756         4       0  CODE    


UNUSED ADDRESS RANGES

        Name                Unused          Largest block    Delta
        BANK0            000080-0000FF               80
        BANK1            000100-0001FF              100
        BIGRAM           000043-0001FF              1BD
        BIGSFR           000F80-000FFF               80
        CODE             000004-000007                4
                         000756-001FFF             18AA
        COMRAM           000043-00007F               3D
        CONST            000004-000007                4
                         000756-001FFF             18AA
        EEDATA           F00000-F000FF              100
        MEDIUMCONST      000756-001FFF             18AA
        RAM              000080-0001FF               80
        SFR              000F80-000FFF               80
        SMALLCONST       000756-001FFF              100

                                  Symbol Table

?_TI_GetTics                cstackCOMRAM 000001
CantaData@Data              cstackCOMRAM 000003
CantaIR@IR                  cstackCOMRAM 000003
CantaPartAlta@c             cstackCOMRAM 000002
CantaPartBaixa@c            cstackCOMRAM 000002
EscriuPrimeraOrdre@ordre    cstackCOMRAM 000002
Espera@Timer                cstackCOMRAM 000014
Espera@ms                   cstackCOMRAM 00000E
LcGotoXY@Column             cstackCOMRAM 000015
LcGotoXY@Fisics             cstackCOMRAM 000014
LcGotoXY@Row                cstackCOMRAM 00000F
LcInit@columns              cstackCOMRAM 000015
LcInit@i                    cstackCOMRAM 000017
LcInit@rows                 cstackCOMRAM 000016
LcPutChar@c                 cstackCOMRAM 000016
LcPutString@s               cstackCOMRAM 000017
TI_GetTics@CopiaTicsActual  cstackCOMRAM 000009
TI_GetTics@TimerHandle      cstackCOMRAM 00000D
TI_Init@counter             cstackCOMRAM 000001
TI_NewTimer@Comptador       cstackCOMRAM 000004
TI_NewTimer@TimerHandle     cstackCOMRAM 000001
TI_ResetTics@TimerHandle    cstackCOMRAM 000001
WaitForBusy@Busy            cstackCOMRAM 00000E
_CantaData                  text16       000678
_CantaIR                    text15       000646
_CantaPartAlta              text18       0003C8
_CantaPartBaixa             text17       000340
_ColumnAct                  bssCOMRAM    000037
_Columns                    bssCOMRAM    000039
_EscriuPrimeraOrdre         text5        0002A6
_Espera                     text7        00055E
_INTCONbits                 (abs)        000FF2
_LATAbits                   (abs)        000F89
_LATCbits                   (abs)        000F8B
_LcClear                    text6        000702
_LcGotoXY                   text11       000024
_LcGotoXY$559               cstackCOMRAM 000012
_LcInit                     text3        0000FE
_LcPutChar                  text10       0001D4
_LcPutString                text9        0006AA
_PORTCbits                  (abs)        000F82
_RCONbits                   (abs)        000FD0
_RSI_High                   intcode      000008
_RSI_Timer0                 text20       00071C
_RowAct                     bssCOMRAM    000038
_Rows                       bssCOMRAM    00003A
_T0CON                      (abs)        000FD5
_TI_GetTics                 text14       00050E
_TI_Init                    text2        0005D8
_TI_NewTimer                text4        000450
_TI_ResetTics               text13       0006DA
_TMR0                       (abs)        000FD6
_TMR0H                      (abs)        000FD7
_TMR0L                      (abs)        000FD6
_TRISAbits                  (abs)        000F92
_TRISCbits                  (abs)        000F94
_Tics                       bssCOMRAM    000033
_Timer                      bssCOMRAM    00003B
_Timers                     bssCOMRAM    00001F
_WaitForBusy                text12       0004B2
__HRAM                      (abs)        000000
__H__absolute__             __absolute__ 000000
__Habs1                     abs1         000000
__Hbank0                    bank0        000000
__Hbank1                    bank1        000000
__Hbigbss                   bigbss       000000
__Hbigdata                  bigdata      000000
__Hbigram                   bigram       000000
__Hbigsfr                   bigsfr       000000
__Hbss                      bss          000000
__HbssCOMRAM                bssCOMRAM    000000
__Hcinit                    cinit        000000
__Hclrtext                  clrtext      000000
__Hcomram                   comram       000000
__Hconfig                   config       30000E
__Hconst                    const        000000
__HcstackCOMRAM             cstackCOMRAM 000000
__Hdata                     data         000000
__HdataCOMRAM               dataCOMRAM   000000
__Heeprom_data              eeprom_data  000000
__Hfarbss                   farbss       000000
__Hfardata                  fardata      000000
__Hheap                     heap         000000
__Hibigdata                 ibigdata     000000
__Hidata                    idata        000000
__HidataCOMRAM              idataCOMRAM  000000
__Hidloc                    idloc        200008
__Hifardata                 ifardata     000000
__Hinit                     init         000024
__Hintcode                  intcode      000020
__Hintcode_body             intcode_body 000000
__Hintcodelo                intcodelo    000020
__Hintentry                 intentry     000000
__Hintret                   intret       000000
__Hintsave_regs             intsave_regs 000000
__Hirdata                   irdata       000000
__Hmediumconst              mediumconst  000000
__HnvFARRAM                 nvFARRAM     000000
__Hnvbit                    nvbit        000000
__Hnvrram                   nvrram       000000
__Hparam                    rparam       000000
__Hpowerup                  powerup      000020
__Hram                      ram          000000
__Hramtop                   ramtop       000200
__Hrbit                     rbit         000000
__Hrbss                     rbss         000000
__Hrdata                    rdata        000000
__Hreset_vec                reset_vec    000004
__Hrparam                   rparam       000000
__Hsfr                      sfr          000000
__Hsmallconst               smallconst   000000
__Hspace_0                  (abs)        000756
__Hspace_1                  (abs)        000043
__Hspace_2                  (abs)        000000
__Hspace_4                  (abs)        60000E
__Hstack                    stack        000000
__Hstruct                   struct       000000
__Htemp                     temp         000043
__Htext                     text         000000
__Htext0                    text0        000000
__Htext1                    text1        000000
__Htext10                   text10       000000
__Htext11                   text11       000000
__Htext12                   text12       000000
__Htext13                   text13       000000
__Htext14                   text14       000000
__Htext15                   text15       000000
__Htext16                   text16       000000
__Htext17                   text17       000000
__Htext18                   text18       000000
__Htext2                    text2        000000
__Htext20                   text20       000000
__Htext3                    text3        000000
__Htext4                    text4        000000
__Htext5                    text5        000000
__Htext6                    text6        000000
__Htext7                    text7        000000
__Htext8                    text8        000000
__Htext9                    text9        000000
__LRAM                      (abs)        000001
__L__absolute__             __absolute__ 000000
__Labs1                     abs1         000000
__Lbank0                    bank0        000000
__Lbank1                    bank1        000000
__Lbigbss                   bigbss       000000
__Lbigdata                  bigdata      000000
__Lbigram                   bigram       000000
__Lbigsfr                   bigsfr       000000
__Lbss                      bss          000000
__LbssCOMRAM                bssCOMRAM    000000
__Lcinit                    cinit        000000
__Lclrtext                  clrtext      000000
__Lcomram                   comram       000000
__Lconfig                   config       000000
__Lconst                    const        000000
__LcstackCOMRAM             cstackCOMRAM 000000
__Ldata                     data         000000
__LdataCOMRAM               dataCOMRAM   000000
__Leeprom_data              eeprom_data  000000
__Lfarbss                   farbss       000000
__Lfardata                  fardata      000000
__Lheap                     heap         000000
__Libigdata                 ibigdata     000000
__Lidata                    idata        000000
__LidataCOMRAM              idataCOMRAM  000000
__Lidloc                    idloc        000000
__Lifardata                 ifardata     000000
__Linit                     init         000020
__Lintcode                  intcode      000008
__Lintcode_body             intcode_body 000000
__Lintcodelo                intcodelo    000020
__Lintentry                 intentry     000000
__Lintret                   intret       000000
__Lintsave_regs             intsave_regs 000000
__Lirdata                   irdata       000000
__Lmediumconst              mediumconst  000000
__LnvFARRAM                 nvFARRAM     000000
__Lnvbit                    nvbit        000000
__Lnvrram                   nvrram       000000
__Lparam                    rparam       000000
__Lpowerup                  powerup      000020
__Lram                      ram          000000
__Lramtop                   ramtop       000200
__Lrbit                     rbit         000000
__Lrbss                     rbss         000000
__Lrdata                    rdata        000000
__Lreset_vec                reset_vec    000000
__Lrparam                   rparam       000000
__Lsfr                      sfr          000000
__Lsmallconst               smallconst   000000
__Lspace_0                  (abs)        000000
__Lspace_1                  (abs)        000000
__Lspace_2                  (abs)        000000
__Lspace_4                  (abs)        000000
__Lstack                    stack        000000
__Lstruct                   struct       000000
__Ltemp                     temp         000042
__Ltext                     text         000000
__Ltext0                    text0        000000
__Ltext1                    text1        000000
__Ltext10                   text10       000000
__Ltext11                   text11       000000
__Ltext12                   text12       000000
__Ltext13                   text13       000000
__Ltext14                   text14       000000
__Ltext15                   text15       000000
__Ltext16                   text16       000000
__Ltext17                   text17       000000
__Ltext18                   text18       000000
__Ltext2                    text2        000000
__Ltext20                   text20       000000
__Ltext3                    text3        000000
__Ltext4                    text4        000000
__Ltext5                    text5        000000
__Ltext6                    text6        000000
__Ltext7                    text7        000000
__Ltext8                    text8        000000
__Ltext9                    text9        000000
__S0                        (abs)        000756
__S1                        (abs)        000043
__S4                        (abs)        000000
__S5                        (abs)        000000
___heap_hi                  (abs)        000000
___heap_lo                  (abs)        000000
___inthi_sp                 stack        000000
___intlo_sp                 stack        000000
___param_bank               (abs)        000000
___rparam_used              (abs)        000001
___sp                       stack        000000
__accesstop                 (abs)        000080
__activetblptr              (abs)        000002
__end_of_CantaData          text16       0006AA
__end_of_CantaIR            text15       000678
__end_of_CantaPartAlta      text18       000450
__end_of_CantaPartBaixa     text17       0003C8
__end_of_EscriuPrimeraOrdre text5        000340
__end_of_Espera             text7        00059E
__end_of_LcClear            text6        00071C
__end_of_LcGotoXY           text11       0000FE
__end_of_LcInit             text3        0001D4
__end_of_LcPutChar          text10       0002A6
__end_of_LcPutString        text9        0006DA
__end_of_RSI_High           intcode      000020
__end_of_RSI_Timer0         text20       000734
__end_of_TI_GetTics         text14       00055E
__end_of_TI_Init            text2        000612
__end_of_TI_NewTimer        text4        0004B2
__end_of_TI_ResetTics       text13       000702
__end_of_WaitForBusy        text12       00050E
__end_of__initialization    cinit        0005CA
__end_of_config_interrupts  text8        000750
__end_of_config_ports       text1        000748
__end_of_main               text0        000646
__initialization            cinit        00059E
__mediumconst               mediumconst  000000
__pbssCOMRAM                bssCOMRAM    00001F
__pcinit                    cinit        00059E
__pcstackCOMRAM             cstackCOMRAM 000001
__pdataCOMRAM               dataCOMRAM   00003C
__pidataCOMRAM              idataCOMRAM  000750
__pintcode                  intcode      000008
__ptext0                    text0        000612
__ptext1                    text1        000734
__ptext10                   text10       0001D4
__ptext11                   text11       000024
__ptext12                   text12       0004B2
__ptext13                   text13       0006DA
__ptext14                   text14       00050E
__ptext15                   text15       000646
__ptext16                   text16       000678
__ptext17                   text17       000340
__ptext18                   text18       0003C8
__ptext2                    text2        0005D8
__ptext20                   text20       00071C
__ptext3                    text3        0000FE
__ptext4                    text4        000450
__ptext5                    text5        0002A6
__ptext6                    text6        000702
__ptext7                    text7        00055E
__ptext8                    text8        000748
__ptext9                    text9        0006AA
__ramtop                    ramtop       000200
__smallconst                smallconst   000000
_config_interrupts          text8        000748
_config_ports               text1        000734
_main                       text0        000612
btemp                       temp         000042
end_of_initialization       cinit        0005CA
int$flags                   temp         000042
intlevel0                   text         000000
intlevel1                   text         000000
intlevel2                   text         000000
intlevel3                   text         000000
isa$std                     (abs)        000001
isa$xinst                   (abs)        000000
main@F2596                  dataCOMRAM   00003C
main@prueba                 cstackCOMRAM 000019
stackhi                     (abs)        000000
stacklo                     (abs)        000000
start                       init         000020
start_initialization        cinit        00059E
ttemp5                      temp         000043
ttemp6                      temp         000046
ttemp7                      temp         00004A
wtemp8                      temp         000043


MODULE INFORMATION

Module		Function		Class		Link	Load	Size
tad_lcd.c
		_LcPutChar     		CODE           	01D4	0000	210
		_EscriuPrimeraOrdre		CODE           	02A6	0000	154
		_WaitForBusy   		CODE           	04B2	0000	92
		_LcGotoXY      		CODE           	0024	0000	218
		_LcClear       		CODE           	0702	0000	26
		_CantaData     		CODE           	0678	0000	50
		_LcInit        		CODE           	00FE	0000	214
		_CantaPartAlta 		CODE           	03C8	0000	136
		_Espera        		CODE           	055E	0000	64
		_CantaIR       		CODE           	0646	0000	50
		_CantaPartBaixa		CODE           	0340	0000	136
		_LcPutString   		CODE           	06AA	0000	48

tad_lcd.c estimated size: 1398

shared
		__initialization		CODE           	059E	0000	44

shared estimated size: 44

tad_timer.c
		_TI_ResetTics  		CODE           	06DA	0000	40
		_TI_NewTimer   		CODE           	0450	0000	98
		_RSI_Timer0    		CODE           	071C	0000	24
		_TI_Init       		CODE           	05D8	0000	58
		_TI_GetTics    		CODE           	050E	0000	80

tad_timer.c estimated size: 300

main.c
		_main          		CODE           	0612	0000	52
		_config_interrupts		CODE           	0748	0000	8
		_RSI_High      		CODE           	0008	0000	24
		_config_ports  		CODE           	0734	0000	20

main.c estimated size: 104

